// Jest Snapshot v1, https://goo.gl/fbAQLP

exports[`ImageUpload component snapshot test renders correctly 1`] = `
<div
  className="image-upload-container"
>
  <h2>
    Upload a mango leaf image
  </h2>
  <input
    accept="image/*"
    id="file-upload"
    onChange={[Function]}
    type="file"
  />
  <button
    disabled={true}
    onClick={[Function]}
  >
    Upload
  </button>
</div>
`;
