// Jest Snapshot v1, https://goo.gl/fbAQLP

exports[`Login Component renders correctly 1`] = `
<div
  className="signup-login-container"
>
  <h2>
    Login
  </h2>
  <form
    onSubmit={[Function]}
  >
    <label>
      Username
      <input
        onChange={[Function]}
        required={true}
        type="text"
        value=""
      />
    </label>
    <label>
      password
      <input
        onChange={[Function]}
        required={true}
        type="password"
        value=""
      />
    </label>
    <button
      type="submit"
    >
      Submit
    </button>
    <p>
      Not yet registered? 
      <a
        href="/signup"
      >
        Sign Up
      </a>
    </p>
  </form>
</div>
`;
